I'm sorry, but errors were detected in your script. Please correct the
errors listed below, and try again.


File "game/script.rpy", line 153: invalid syntax
    ch 3 == true
        ^

Ren'Py Version: Ren'Py 8.1.3.23091805
Mon Nov 13 20:04:03 2023
